
> my-app@0.0.0 build
> tsc -b && vite build

src/App.tsx(1,1): error TS6133: 'React' is declared but its value is never read.
src/components/Contact.tsx(4,16): error TS2305: Module '"lucide-react"' has no exported member 'Github'.
src/components/Contact.tsx(4,24): error TS2305: Module '"lucide-react"' has no exported member 'Linkedin'.
src/components/Hero.tsx(3,27): error TS2305: Module '"lucide-react"' has no exported member 'Github'.
src/components/Hero.tsx(3,35): error TS2305: Module '"lucide-react"' has no exported member 'Linkedin'.
src/components/Navbar.tsx(20,14): error TS2322: Type '{ children: (string | Element)[]; filter: string; key: number; href: string; className: string; }' is not assignable to type 'DetailedHTMLProps<AnchorHTMLAttributes<HTMLAnchorElement>, HTMLAnchorElement>'.
  Property 'filter' does not exist on type 'DetailedHTMLProps<AnchorHTMLAttributes<HTMLAnchorElement>, HTMLAnchorElement>'.
src/components/Projects.tsx(4,10): error TS2305: Module '"lucide-react"' has no exported member 'Github'.
